ERROR - 2025-09-04 05:28:56 --> mysqli_sql_exception: Tablespace for table '`lms_macias`.`migrations`' exists. Please DISCARD the tablespace before IMPORT in C:\xampp\htdocs\ITE311-MACIAS\system\Database\MySQLi\Connection.php:327
Stack trace:
#0 C:\xampp\htdocs\ITE311-MACIAS\system\Database\MySQLi\Connection.php(327): mysqli->query('CREATE TABLE `m...', 0)
#1 C:\xampp\htdocs\ITE311-MACIAS\system\Database\BaseConnection.php(729): CodeIgniter\Database\MySQLi\Connection->execute('CREATE TABLE `m...')
#2 C:\xampp\htdocs\ITE311-MACIAS\system\Database\BaseConnection.php(646): CodeIgniter\Database\BaseConnection->simpleQuery('CREATE TABLE `m...')
#3 C:\xampp\htdocs\ITE311-MACIAS\system\Database\Forge.php(570): CodeIgniter\Database\BaseConnection->query('CREATE TABLE `m...')
#4 C:\xampp\htdocs\ITE311-MACIAS\system\Database\MigrationRunner.php(815): CodeIgniter\Database\Forge->createTable('migrations', true)
#5 C:\xampp\htdocs\ITE311-MACIAS\system\Database\MigrationRunner.php(162): CodeIgniter\Database\MigrationRunner->ensureTable()
#6 C:\xampp\htdocs\ITE311-MACIAS\system\Commands\Database\Migrate.php(85): CodeIgniter\Database\MigrationRunner->latest(NULL)
#7 C:\xampp\htdocs\ITE311-MACIAS\system\CLI\Commands.php(74): CodeIgniter\Commands\Database\Migrate->run(Array)
#8 C:\xampp\htdocs\ITE311-MACIAS\system\CLI\Console.php(47): CodeIgniter\CLI\Commands->run('migrate', Array)
#9 C:\xampp\htdocs\ITE311-MACIAS\system\Boot.php(388): CodeIgniter\CLI\Console->run()
#10 C:\xampp\htdocs\ITE311-MACIAS\system\Boot.php(133): CodeIgniter\Boot::runCommand(Object(CodeIgniter\CLI\Console))
#11 C:\xampp\htdocs\ITE311-MACIAS\spark(87): CodeIgniter\Boot::bootSpark(Object(Config\Paths))
#12 {main}
ERROR - 2025-09-04 05:28:57 --> mysqli_sql_exception: Table 'lms_macias.migrations' doesn't exist in C:\xampp\htdocs\ITE311-MACIAS\system\Database\MySQLi\Connection.php:327
Stack trace:
#0 C:\xampp\htdocs\ITE311-MACIAS\system\Database\MySQLi\Connection.php(327): mysqli->query('SELECT *\nFROM `...', 0)
#1 C:\xampp\htdocs\ITE311-MACIAS\system\Database\BaseConnection.php(729): CodeIgniter\Database\MySQLi\Connection->execute('SELECT *\nFROM `...')
#2 C:\xampp\htdocs\ITE311-MACIAS\system\Database\BaseConnection.php(646): CodeIgniter\Database\BaseConnection->simpleQuery('SELECT *\nFROM `...')
#3 C:\xampp\htdocs\ITE311-MACIAS\system\Database\BaseBuilder.php(1649): CodeIgniter\Database\BaseConnection->query('SELECT *\nFROM `...', Array, false)
#4 C:\xampp\htdocs\ITE311-MACIAS\system\Database\MigrationRunner.php(660): CodeIgniter\Database\BaseBuilder->get()
#5 C:\xampp\htdocs\ITE311-MACIAS\system\Database\MigrationRunner.php(175): CodeIgniter\Database\MigrationRunner->getHistory('')
#6 C:\xampp\htdocs\ITE311-MACIAS\system\Commands\Database\Migrate.php(85): CodeIgniter\Database\MigrationRunner->latest(NULL)
#7 C:\xampp\htdocs\ITE311-MACIAS\system\CLI\Commands.php(74): CodeIgniter\Commands\Database\Migrate->run(Array)
#8 C:\xampp\htdocs\ITE311-MACIAS\system\CLI\Console.php(47): CodeIgniter\CLI\Commands->run('migrate', Array)
#9 C:\xampp\htdocs\ITE311-MACIAS\system\Boot.php(388): CodeIgniter\CLI\Console->run()
#10 C:\xampp\htdocs\ITE311-MACIAS\system\Boot.php(133): CodeIgniter\Boot::runCommand(Object(CodeIgniter\CLI\Console))
#11 C:\xampp\htdocs\ITE311-MACIAS\spark(87): CodeIgniter\Boot::bootSpark(Object(Config\Paths))
#12 {main}
ERROR - 2025-09-04 05:28:57 --> mysqli_sql_exception: Table 'lms_macias.migrations' doesn't exist in C:\xampp\htdocs\ITE311-MACIAS\system\Database\MySQLi\Connection.php:327
Stack trace:
#0 C:\xampp\htdocs\ITE311-MACIAS\system\Database\MySQLi\Connection.php(327): mysqli->query('SELECT MAX(`bat...', 0)
#1 C:\xampp\htdocs\ITE311-MACIAS\system\Database\BaseConnection.php(729): CodeIgniter\Database\MySQLi\Connection->execute('SELECT MAX(`bat...')
#2 C:\xampp\htdocs\ITE311-MACIAS\system\Database\BaseConnection.php(646): CodeIgniter\Database\BaseConnection->simpleQuery('SELECT MAX(`bat...')
#3 C:\xampp\htdocs\ITE311-MACIAS\system\Database\BaseBuilder.php(1649): CodeIgniter\Database\BaseConnection->query('SELECT MAX(`bat...', Array, false)
#4 C:\xampp\htdocs\ITE311-MACIAS\system\Database\MigrationRunner.php(708): CodeIgniter\Database\BaseBuilder->get()
#5 C:\xampp\htdocs\ITE311-MACIAS\system\Database\MigrationRunner.php(179): CodeIgniter\Database\MigrationRunner->getLastBatch()
#6 C:\xampp\htdocs\ITE311-MACIAS\system\Commands\Database\Migrate.php(85): CodeIgniter\Database\MigrationRunner->latest(NULL)
#7 C:\xampp\htdocs\ITE311-MACIAS\system\CLI\Commands.php(74): CodeIgniter\Commands\Database\Migrate->run(Array)
#8 C:\xampp\htdocs\ITE311-MACIAS\system\CLI\Console.php(47): CodeIgniter\CLI\Commands->run('migrate', Array)
#9 C:\xampp\htdocs\ITE311-MACIAS\system\Boot.php(388): CodeIgniter\CLI\Console->run()
#10 C:\xampp\htdocs\ITE311-MACIAS\system\Boot.php(133): CodeIgniter\Boot::runCommand(Object(CodeIgniter\CLI\Console))
#11 C:\xampp\htdocs\ITE311-MACIAS\spark(87): CodeIgniter\Boot::bootSpark(Object(Config\Paths))
#12 {main}
ERROR - 2025-09-04 05:32:44 --> mysqli_sql_exception: Tablespace for table '`lms_macias`.`migrations`' exists. Please DISCARD the tablespace before IMPORT in C:\xampp\htdocs\ITE311-MACIAS\system\Database\MySQLi\Connection.php:327
Stack trace:
#0 C:\xampp\htdocs\ITE311-MACIAS\system\Database\MySQLi\Connection.php(327): mysqli->query('CREATE TABLE `m...', 0)
#1 C:\xampp\htdocs\ITE311-MACIAS\system\Database\BaseConnection.php(729): CodeIgniter\Database\MySQLi\Connection->execute('CREATE TABLE `m...')
#2 C:\xampp\htdocs\ITE311-MACIAS\system\Database\BaseConnection.php(646): CodeIgniter\Database\BaseConnection->simpleQuery('CREATE TABLE `m...')
#3 C:\xampp\htdocs\ITE311-MACIAS\system\Database\Forge.php(570): CodeIgniter\Database\BaseConnection->query('CREATE TABLE `m...')
#4 C:\xampp\htdocs\ITE311-MACIAS\system\Database\MigrationRunner.php(815): CodeIgniter\Database\Forge->createTable('migrations', true)
#5 C:\xampp\htdocs\ITE311-MACIAS\system\Database\MigrationRunner.php(162): CodeIgniter\Database\MigrationRunner->ensureTable()
#6 C:\xampp\htdocs\ITE311-MACIAS\system\Commands\Database\Migrate.php(85): CodeIgniter\Database\MigrationRunner->latest(NULL)
#7 C:\xampp\htdocs\ITE311-MACIAS\system\CLI\Commands.php(74): CodeIgniter\Commands\Database\Migrate->run(Array)
#8 C:\xampp\htdocs\ITE311-MACIAS\system\CLI\Console.php(47): CodeIgniter\CLI\Commands->run('migrate', Array)
#9 C:\xampp\htdocs\ITE311-MACIAS\system\Boot.php(388): CodeIgniter\CLI\Console->run()
#10 C:\xampp\htdocs\ITE311-MACIAS\system\Boot.php(133): CodeIgniter\Boot::runCommand(Object(CodeIgniter\CLI\Console))
#11 C:\xampp\htdocs\ITE311-MACIAS\spark(87): CodeIgniter\Boot::bootSpark(Object(Config\Paths))
#12 {main}
ERROR - 2025-09-04 05:32:44 --> mysqli_sql_exception: Table 'lms_macias.migrations' doesn't exist in C:\xampp\htdocs\ITE311-MACIAS\system\Database\MySQLi\Connection.php:327
Stack trace:
#0 C:\xampp\htdocs\ITE311-MACIAS\system\Database\MySQLi\Connection.php(327): mysqli->query('SELECT *\nFROM `...', 0)
#1 C:\xampp\htdocs\ITE311-MACIAS\system\Database\BaseConnection.php(729): CodeIgniter\Database\MySQLi\Connection->execute('SELECT *\nFROM `...')
#2 C:\xampp\htdocs\ITE311-MACIAS\system\Database\BaseConnection.php(646): CodeIgniter\Database\BaseConnection->simpleQuery('SELECT *\nFROM `...')
#3 C:\xampp\htdocs\ITE311-MACIAS\system\Database\BaseBuilder.php(1649): CodeIgniter\Database\BaseConnection->query('SELECT *\nFROM `...', Array, false)
#4 C:\xampp\htdocs\ITE311-MACIAS\system\Database\MigrationRunner.php(660): CodeIgniter\Database\BaseBuilder->get()
#5 C:\xampp\htdocs\ITE311-MACIAS\system\Database\MigrationRunner.php(175): CodeIgniter\Database\MigrationRunner->getHistory('')
#6 C:\xampp\htdocs\ITE311-MACIAS\system\Commands\Database\Migrate.php(85): CodeIgniter\Database\MigrationRunner->latest(NULL)
#7 C:\xampp\htdocs\ITE311-MACIAS\system\CLI\Commands.php(74): CodeIgniter\Commands\Database\Migrate->run(Array)
#8 C:\xampp\htdocs\ITE311-MACIAS\system\CLI\Console.php(47): CodeIgniter\CLI\Commands->run('migrate', Array)
#9 C:\xampp\htdocs\ITE311-MACIAS\system\Boot.php(388): CodeIgniter\CLI\Console->run()
#10 C:\xampp\htdocs\ITE311-MACIAS\system\Boot.php(133): CodeIgniter\Boot::runCommand(Object(CodeIgniter\CLI\Console))
#11 C:\xampp\htdocs\ITE311-MACIAS\spark(87): CodeIgniter\Boot::bootSpark(Object(Config\Paths))
#12 {main}
ERROR - 2025-09-04 05:32:44 --> mysqli_sql_exception: Table 'lms_macias.migrations' doesn't exist in C:\xampp\htdocs\ITE311-MACIAS\system\Database\MySQLi\Connection.php:327
Stack trace:
#0 C:\xampp\htdocs\ITE311-MACIAS\system\Database\MySQLi\Connection.php(327): mysqli->query('SELECT MAX(`bat...', 0)
#1 C:\xampp\htdocs\ITE311-MACIAS\system\Database\BaseConnection.php(729): CodeIgniter\Database\MySQLi\Connection->execute('SELECT MAX(`bat...')
#2 C:\xampp\htdocs\ITE311-MACIAS\system\Database\BaseConnection.php(646): CodeIgniter\Database\BaseConnection->simpleQuery('SELECT MAX(`bat...')
#3 C:\xampp\htdocs\ITE311-MACIAS\system\Database\BaseBuilder.php(1649): CodeIgniter\Database\BaseConnection->query('SELECT MAX(`bat...', Array, false)
#4 C:\xampp\htdocs\ITE311-MACIAS\system\Database\MigrationRunner.php(708): CodeIgniter\Database\BaseBuilder->get()
#5 C:\xampp\htdocs\ITE311-MACIAS\system\Database\MigrationRunner.php(179): CodeIgniter\Database\MigrationRunner->getLastBatch()
#6 C:\xampp\htdocs\ITE311-MACIAS\system\Commands\Database\Migrate.php(85): CodeIgniter\Database\MigrationRunner->latest(NULL)
#7 C:\xampp\htdocs\ITE311-MACIAS\system\CLI\Commands.php(74): CodeIgniter\Commands\Database\Migrate->run(Array)
#8 C:\xampp\htdocs\ITE311-MACIAS\system\CLI\Console.php(47): CodeIgniter\CLI\Commands->run('migrate', Array)
#9 C:\xampp\htdocs\ITE311-MACIAS\system\Boot.php(388): CodeIgniter\CLI\Console->run()
#10 C:\xampp\htdocs\ITE311-MACIAS\system\Boot.php(133): CodeIgniter\Boot::runCommand(Object(CodeIgniter\CLI\Console))
#11 C:\xampp\htdocs\ITE311-MACIAS\spark(87): CodeIgniter\Boot::bootSpark(Object(Config\Paths))
#12 {main}
